// Jest Snapshot v1, https://goo.gl/fbAQLP

exports[`App snapshot renders 1`] = `
<div
  className=" similar-apps container-fluid"
>
  <div
    className="header row no-gutters"
  >
    <div
      className="similar col"
    >
      <div
        className="similar"
      >
        Similar
      </div>
    </div>
    <div
      className="btn-col col"
    >
      <button
        className="seemore-btn"
      >
        See more
      </button>
    </div>
  </div>
  <div
    className="appCards row no-gutters"
  >
    <div
      className="col"
    />
  </div>
</div>
`;
